 
(base) elenasuslova@MacBook-Air-Elena ~ % cd /Users/elenasuslova/Desktop/DATA_SCIENCE/Python
(base) elenasuslova@MacBook-Air-Elena 01_Python_basics % git add python_basics.ipynb
(base) elenasuslova@MacBook-Air-Elena 01_Python_basics % git commit --m "hw_1_2"
[master fed5e7f] hw_1_2
 1 file changed, 16 insertions(+), 16 deletions(-)
(base) elenasuslova@MacBook-Air-Elena 01_Python_basics % git push origin master








(base) elenasuslova@MacBook-Air-Elena ~ % git
usage: git [--version] [--help] [-C <path>] [-c <name>=<value>]
           [--exec-path[=<path>]] [--html-path] [--man-path] [--info-path]
           [-p | --paginate | -P | --no-pager] [--no-replace-objects] [--bare]
           [--git-dir=<path>] [--work-tree=<path>] [--namespace=<name>]
           <command> [<args>]

These are common Git commands used in various situations:

start a working area (see also: git help tutorial)
   clone     Clone a repository into a new directory
   init      Create an empty Git repository or reinitialize an existing one

work on the current change (see also: git help everyday)
   add       Add file contents to the index
   mv        Move or rename a file, a directory, or a symlink
   restore   Restore working tree files
   rm        Remove files from the working tree and from the index

examine the history and state (see also: git help revisions)
   bisect    Use binary search to find the commit that introduced a bug
   diff      Show changes between commits, commit and working tree, etc
   grep      Print lines matching a pattern
   log       Show commit logs
   show      Show various types of objects
   status    Show the working tree status

grow, mark and tweak your common history
   branch    List, create, or delete branches
   commit    Record changes to the repository
   merge     Join two or more development histories together
   rebase    Reapply commits on top of another base tip
   reset     Reset current HEAD to the specified state
   switch    Switch branches
   tag       Create, list, delete or verify a tag object signed with GPG

collaborate (see also: git help workflows)
   fetch     Download objects and refs from another repository
   pull      Fetch from and integrate with another repository or a local branch
   push      Update remote refs along with associated objects

'git help -a' and 'git help -g' list available subcommands and some
concept guides. See 'git help <command>' or 'git help <concept>'
to read about a specific subcommand or concept.
See 'git help git' for an overview of the system.


(base) elenasuslova@MacBook-Air-Elena ~ % git init
Initialized empty Git repository in /Users/elenasuslova/.git/


(base) elenasuslova@MacBook-Air-Elena ~ % cd /Users/elenasuslova/Desktop/DATA_SCIENCE/Python
(base) elenasuslova@MacBook-Air-Elena Python % git init
Initialized empty Git repository in /Users/elenasuslova/Desktop/DATA_SCIENCE/Python/.git/


(base) elenasuslova@MacBook-Air-Elena Python % git add si.txt
(base) elenasuslova@MacBook-Air-Elena Python % git status
On branch master

No commits yet

Changes to be committed:
  (use "git rm --cached <file>..." to unstage)
	new file:   si.txt

(base) elenasuslova@MacBook-Air-Elena Python % git commit --m "first commit"
[master (root-commit) 47e5c0e] first commit
 1 file changed, 4556 insertions(+)
 create mode 100644 si.txt

(base) elenasuslova@MacBook-Air-Elena Python % git remote add origin https://github.com/elenatis/pyda-9-hw-1.git

(base) elenasuslova@MacBook-Air-Elena Python % git remote --v

origin	https://github.com/elenatis/pyda-9-hw-1.git (fetch)
origin	https://github.com/elenatis/pyda-9-hw-1.git (push)

(base) elenasuslova@MacBook-Air-Elena Python % git push origin master
Username for 'https://github.com': elenatis
Password for 'https://elenatis@github.com': 
Enumerating objects: 3, done.
Counting objects: 100% (3/3), done.
Delta compression using up to 4 threads
Compressing objects: 100% (2/2), done.
Writing objects: 100% (3/3), 28.10 KiB | 2.34 MiB/s, done.
Total 3 (delta 0), reused 0 (delta 0)
To https://github.com/elenatis/pyda-9-hw-1.git
 * [new branch]      master -> master



git add si.txt

git commit --m "empty"

[master 585da16] empty
 1 file changed, 1 insertion(+), 4556 deletions(-)
 rewrite si.txt (100%)


git push origin master

Enumerating objects: 5, done.
Counting objects: 100% (5/5), done.
Delta compression using up to 4 threads
Compressing objects: 100% (1/1), done.
Writing objects: 100% (3/3), 241 bytes | 241.00 KiB/s, done.
Total 3 (delta 0), reused 0 (delta 0)
To https://github.com/elenatis/pyda-9-hw-1.git
   47e5c0e..585da16  master -> master



(base) elenasuslova@MacBook-Air-Elena Python % git checkout --b new_branch
error: unknown option `b'
usage: git checkout [<options>] <branch>
   or: git checkout [<options>] [<branch>] -- <file>...

    -b <branch>           create and checkout a new branch
    -B <branch>           create/reset and checkout a branch
    -l                    create reflog for new branch
    --guess               second guess 'git checkout <no-such-branch>' (default)
    --overlay             use overlay mode (default)
    -q, --quiet           suppress progress reporting
    --recurse-submodules[=<checkout>]
                          control recursive updating of submodules
    --progress            force progress reporting
    -m, --merge           perform a 3-way merge with the new branch
    --conflict <style>    conflict style (merge or diff3)
    -d, --detach          detach HEAD at named commit
    -t, --track           set upstream info for new branch
    -f, --force           force checkout (throw away local modifications)
    --orphan <new-branch>
                          new unparented branch
    --overwrite-ignore    update ignored files (default)
    --ignore-other-worktrees
                          do not check if another worktree is holding the given ref
    -2, --ours            checkout our version for unmerged files
    -3, --theirs          checkout their version for unmerged files
    -p, --patch           select hunks interactively
    --ignore-skip-worktree-bits
                          do not limit pathspecs to sparse entries only

(base) elenasuslova@MacBook-Air-Elena Python % git checkout -b new_branch
Switched to a new branch 'new_branch'

(base) elenasuslova@MacBook-Air-Elena Python % git add si.txt


(base) elenasuslova@MacBook-Air-Elena Python % git push origin new_branch
Total 0 (delta 0), reused 0 (delta 0)
remote: 
remote: Create a pull request for 'new_branch' on GitHub by visiting:
remote:      https://github.com/elenatis/pyda-9-hw-1/pull/new/new_branch
remote: 
To https://github.com/elenatis/pyda-9-hw-1.git
 * [new branch]      new_branch -> new_branch
(base) elenasuslova@MacBook-Air-Elena Python % git status

(base) elenasuslova@MacBook-Air-Elena Python % git checkout master

